npm ERR! code ERESOLVE
npm ERR! ERESOLVE could not resolve
npm ERR! 
npm ERR! While resolving: blog-customizer@1.0.0
npm ERR! Found: @storybook/react@8.0.5
npm ERR! node_modules/@storybook/react
npm ERR!   @storybook/react@"8.0.5" from @storybook/preset-react-webpack@8.0.5
npm ERR!   node_modules/@storybook/preset-react-webpack
npm ERR!     @storybook/preset-react-webpack@"8.0.5" from @storybook/react-webpack5@8.0.5
npm ERR!     node_modules/@storybook/react-webpack5
npm ERR!       dev @storybook/react-webpack5@"^8.0.5" from the root project
npm ERR!   @storybook/react@"8.0.5" from @storybook/react-webpack5@8.0.5
npm ERR!   node_modules/@storybook/react-webpack5
npm ERR!     dev @storybook/react-webpack5@"^8.0.5" from the root project
npm ERR!   1 more (the root project)
npm ERR! 
npm ERR! Could not resolve dependency:
npm ERR! dev @storybook/react@"^8.6.12" from the root project
npm ERR! 
npm ERR! Conflicting peer dependency: @storybook/test@8.6.12
npm ERR! node_modules/@storybook/test
npm ERR!   peerOptional @storybook/test@"8.6.12" from @storybook/react@8.6.12
npm ERR!   node_modules/@storybook/react
npm ERR!     dev @storybook/react@"^8.6.12" from the root project
npm ERR! 
npm ERR! Fix the upstream dependency conflict, or retry
npm ERR! this command with --force or --legacy-peer-deps
npm ERR! to accept an incorrect (and potentially broken) dependency resolution.
npm ERR! 
npm ERR! 
npm ERR! For a full report see:
npm ERR! /Users/mariapatibrat/.npm/_logs/2025-05-08T06_11_03_450Z-eresolve-report.txt

npm ERR! A complete log of this run can be found in: /Users/mariapatibrat/.npm/_logs/2025-05-08T06_11_03_450Z-debug-0.log
